Resolving dependencies...
Downloading packages...
  _flutterfire_internals 1.3.35 (1.3.68 available)
  async 2.13.0 (2.13.1 available)
  audioplayers 6.5.1 (6.6.0 available)
  audioplayers_darwin 6.3.0 (6.4.0 available)
  audioplayers_web 5.1.1 (5.2.0 available)
  audioplayers_windows 4.2.1 (4.3.0 available)
  characters 1.4.0 (1.4.1 available)
  cupertino_icons 1.0.8 (1.0.9 available)
  device_info_plus 11.5.0 (12.4.0 available)
  equatable 2.0.7 (2.0.8 available)
  ffi 2.1.4 (2.2.0 available)
  firebase_analytics 10.10.7 (12.2.0 available)
  firebase_analytics_platform_interface 3.10.8 (5.1.0 available)
  firebase_analytics_web 0.5.7+7 (0.6.1+4 available)
  firebase_core 2.32.0 (4.6.0 available)
  firebase_core_platform_interface 5.4.2 (6.0.3 available)
  firebase_core_web 2.24.0 (3.5.1 available)
  firebase_crashlytics 3.5.7 (5.1.0 available)
  firebase_crashlytics_platform_interface 3.6.35 (3.8.19 available)
  firebase_remote_config 4.4.7 (6.3.0 available)
  firebase_remote_config_platform_interface 1.4.35 (2.1.1 available)
  firebase_remote_config_web 1.6.7 (1.10.5 available)
  flame 1.34.0 (1.36.0 available)
  flame_audio 2.11.12 (2.12.0 available)
  flame_spine 0.3.0+1 (0.3.0+4 available)
  flutter_lints 3.0.2 (6.0.0 available)
  get_it 9.2.0 (9.2.1 available)
  google_mobile_ads 5.3.1 (7.0.0 available)
  injectable 2.6.0 (2.7.1+4 available)
  js 0.6.7 (0.7.2 available)
  json_annotation 4.9.0 (4.11.0 available)
  lints 3.0.0 (6.1.0 available)
  matcher 0.12.17 (0.12.19 available)
  material_color_utilities 0.11.1 (0.13.0 available)
  meta 1.17.0 (1.18.2 available)
  path_provider_android 2.2.22 (2.2.23 available)
  path_provider_foundation 2.5.1 (2.6.0 available)
  shared_preferences 2.5.4 (2.5.5 available)
  shared_preferences_android 2.4.18 (2.4.23 available)
  shared_preferences_platform_interface 2.4.1 (2.4.2 available)
  source_span 1.10.1 (1.10.2 available)
  test_api 0.7.7 (0.7.11 available)
  universal_ffi 1.1.3 (1.5.0 available)
  uuid 4.5.2 (4.5.3 available)
  vector_math 2.2.0 (2.3.0 available)
  wasm_ffi 2.0.7 (2.3.0 available)
  webview_flutter 4.13.0 (4.13.1 available)
  webview_flutter_android 4.10.11 (4.10.15 available)
  webview_flutter_platform_interface 2.14.0 (2.15.1 available)
  webview_flutter_wkwebview 3.23.5 (3.24.2 available)
  win32 5.15.0 (6.0.0 available)
  win32_registry 2.1.0 (3.0.2 available)
Got dependencies!
52 packages have newer versions incompatible with dependency constraints.
Try `flutter pub outdated` for more information.
[!] Your app isn't using AndroidX.
    To avoid potential build failures, you can quickly migrate your app by following the steps on https://docs.flutter.dev/release/breaking-changes/androidx-migration .
Running Gradle task 'assembleDebug'...                          
lib/ui/hud_overlay.dart:6:69: Error: Error when reading '../libs/mg_common_game/lib/l10n/localization.dart': 지정된 경로를 찾을 수 없습니다.

import 'package:mg_common_game/core/ui/theme/mg_colors.dart';import 'package:mg_common_game/l10n/localization.dart';
                                                                    ^
lib/screens/daily_quest_screen.dart:1:28: Error: Error when reading '../libs/mg_common_game/lib/l10n/localization.dart': 지정된 경로를 찾을 수 없습니다.

import 'dart:async';import 'package:mg_common_game/l10n/localization.dart';
                           ^
lib/main.dart:429:40: Error: 'LoginRewardsManager' isn't a type.
          loginRewardsManager: GetIt.I<LoginRewardsManager>(),
                                       ^^^^^^^^^^^^^^^^^^^
lib/main.dart:430:34: Error: 'StreakManager' isn't a type.
          streakManager: GetIt.I<StreakManager>(),
                                 ^^^^^^^^^^^^^
lib/main.dart:431:37: Error: 'DailyChallengeManager' isn't a type.
          challengeManager: GetIt.I<DailyChallengeManager>(),
                                    ^^^^^^^^^^^^^^^^^^^^^
lib/main.dart:440:36: Error: 'GuildWarManager' isn't a type.
          guildWarManager: GetIt.I<GuildWarManager>(),
                                   ^^^^^^^^^^^^^^^
lib/main.dart:445:38: Error: 'TournamentManager' isn't a type.
          tournamentManager: GetIt.I<TournamentManager>(),
                                     ^^^^^^^^^^^^^^^^^
lib/main.dart:450:43: Error: 'SeasonalContentManager' isn't a type.
          seasonalContentManager: GetIt.I<SeasonalContentManager>(),
                                          ^^^^^^^^^^^^^^^^^^^^^^
lib/main.dart:410:25: Error: The getter 'mgSupportedLocales' isn't defined for the type 'CleanerApp'.
 - 'CleanerApp' is from 'package:game/main.dart' ('lib/main.dart').
Try correcting the name to the name of an existing getter, or defining a getter or field named 'mgSupportedLocales'.
      supportedLocales: mgSupportedLocales,
                        ^^^^^^^^^^^^^^^^^^
lib/main.dart:411:31: Error: The getter 'mgLocalizationDelegates' isn't defined for the type 'CleanerApp'.
 - 'CleanerApp' is from 'package:game/main.dart' ('lib/main.dart').
Try correcting the name to the name of an existing getter, or defining a getter or field named 'mgLocalizationDelegates'.
      localizationsDelegates: mgLocalizationDelegates,
                              ^^^^^^^^^^^^^^^^^^^^^^^
lib/main.dart:413:34: Error: The getter 'AppColors' isn't defined for the type 'CleanerApp'.
 - 'CleanerApp' is from 'package:game/main.dart' ('lib/main.dart').
Try correcting the name to the name of an existing getter, or defining a getter or field named 'AppColors'.
        scaffoldBackgroundColor: AppColors.background,
                                 ^^^^^^^^^
lib/main.dart:414:23: Error: The getter 'AppColors' isn't defined for the type 'CleanerApp'.
 - 'CleanerApp' is from 'package:game/main.dart' ('lib/main.dart').
Try correcting the name to the name of an existing getter, or defining a getter or field named 'AppColors'.
        primaryColor: AppColors.primary,
                      ^^^^^^^^^
lib/main.dart:416:22: Error: The getter 'AppColors' isn't defined for the type 'CleanerApp'.
 - 'CleanerApp' is from 'package:game/main.dart' ('lib/main.dart').
Try correcting the name to the name of an existing getter, or defining a getter or field named 'AppColors'.
          seedColor: AppColors.primary,
                     ^^^^^^^^^
lib/main.dart:427:36: Error: The method 'DailyHubScreen' isn't defined for the type 'CleanerApp'.
 - 'CleanerApp' is from 'package:game/main.dart' ('lib/main.dart').
Try correcting the name to the name of an existing method, or defining a method named 'DailyHubScreen'.
        '/daily-hub': (context) => DailyHubScreen(
                                   ^^^^^^^^^^^^^^
lib/main.dart:439:36: Error: The method 'GuildWarScreen' isn't defined for the type 'CleanerApp'.
 - 'CleanerApp' is from 'package:game/main.dart' ('lib/main.dart').
Try correcting the name to the name of an existing method, or defining a method named 'GuildWarScreen'.
        '/guild-war': (context) => GuildWarScreen(
                                   ^^^^^^^^^^^^^^
lib/main.dart:444:37: Error: The method 'TournamentScreen' isn't defined for the type 'CleanerApp'.
 - 'CleanerApp' is from 'package:game/main.dart' ('lib/main.dart').
Try correcting the name to the name of an existing method, or defining a method named 'TournamentScreen'.
        '/tournament': (context) => TournamentScreen(
                                    ^^^^^^^^^^^^^^^^
lib/main.dart:449:41: Error: The method 'SeasonalEventScreen' isn't defined for the type 'CleanerApp'.
 - 'CleanerApp' is from 'package:game/main.dart' ('lib/main.dart').
Try correcting the name to the name of an existing method, or defining a method named 'SeasonalEventScreen'.
        '/seasonal-event': (context) => SeasonalEventScreen(
                                        ^^^^^^^^^^^^^^^^^^^
lib/ui/hud_overlay.dart:90:69: Error: Member not found: 'mdLg'.
                            padding: const EdgeInsets.all(MGSpacing.mdLg),
                                                                    ^^^^
lib/ui/hud_overlay.dart:102:66: Error: Member not found: 'mdLg'.
                                const SizedBox(height: MGSpacing.mdLg),
                                                                 ^^^^
Target kernel_snapshot_program failed: Exception


FAILURE: Build failed with an exception.

* What went wrong:
Execution failed for task ':app:compileFlutterBuildDebug'.
> Process 'command 'C:\Users\USER-5\develop\flutter\bin\flutter.bat'' finished with non-zero exit value 1

* Try:
> Run with --stacktrace option to get the stack trace.
> Run with --info or --debug option to get more log output.
> Run with --scan to get full insights.
> Get more help at https://help.gradle.org.

BUILD FAILED in 23s
Running Gradle task 'assembleDebug'...                             23.7s
Gradle task assembleDebug failed with exit code 1
